{
  "proxy": "removed",
  "verbose": "added",
  "host": "not_modified",
  "timeout_removed": "modified_removed",
  "timeout_added": "modified_added"
}
