{
  - group2: {
        abc: 12345
    }
  + group3: {
        fee: 100500
    }
    common: {
      - setting2: 200
      - setting6: {
            key: value
        }
      + setting4: blah blah
      + setting5: {
            key5: value5
        }
        setting1: Value 1
        setting3: true
    }
    group1: {
      - baz: bas
      + baz: bars
        foo: bar
    }
}