Property 'proxy' was removed
Property 'verbose' was added with value: 'true'
Property 'timeout' was changed. From '50' to '20'